Menu:
    r to find a route
    b to see a list of all buildings
    q to quit

Enter an option ('m' to see the menu): #test invalid command

Unknown option

Enter an option ('m' to see the menu): 
# All of your test scripts should end with q to terminate the program.
